// Jest Snapshot v1, https://goo.gl/fbAQLP

exports[`App.vue данные загрузились snapshot 1`] = `
<div
  id="app"
>
  <div
    class="container"
  >
    <rsssprite-stub />
     
    <rssheader-stub />
     
    <rsscontrols-stub />
     
    <router-view-stub />
  </div>
</div>
`;
